// Jest Snapshot v1, https://goo.gl/fbAQLP

exports[`renders correctly Navbar component 1`] = `
Array [
  <div
    className="navbar col-md-12 bg-dark py-2"
  >
    <nav
      className="navbar bg-dark navbar-dark"
    >
      <Link
        className="navbar-brand ml-5"
        to="/"
      >
        React Redux Contact Book
      </Link>
    </nav>
  </div>,
  <nav
    className="navbar bg-dark navbar-dark"
  >
    <Link
      className="navbar-brand ml-5"
      to="/"
    >
      React Redux Contact Book
    </Link>
  </nav>,
]
`;
